../Core/Src/usart.c:47:6:MX_USART2_UART_Init	8	static,ignoring_inline_asm
../Core/Src/usart.c:79:6:HAL_UART_MspInit	184	static
../Core/Src/usart.c:123:6:HAL_UART_MspDeInit	16	static
../Core/Src/usart.c:150:6:UART_print	32	static
../Core/Src/usart.c:161:6:USART2_IRQHandler	24	static
../Core/Src/usart.c:255:6:UART_escapes	16	static
../Core/Src/usart.c:263:6:print_DM	8	static
../Core/Src/usart.c:268:6:print_GM	8	static
../Core/Src/usart.c:273:6:print_message_id	16	static
../Core/Src/usart.c:308:6:print_linkedList	24	static
